$ docker info --format '{{.ServerVersion}}'
29.5.2
[docker: exit=0 timeout=False duration_ms=670]
$ docker create [redacted]
e1797bf9ecb132df044720484136b7392d56835af63e9ad547733c45efd8de34
WARNING: The requested image's platform (linux/amd64) does not match the detected host platform (linux/arm64/v8) and no specific platform was requested
[docker: exit=0 timeout=False duration_ms=56]
$ docker start e1797bf9ecb132df044720484136b7392d56835af63e9ad547733c45efd8de34
e1797bf9ecb132df044720484136b7392d56835af63e9ad547733c45efd8de34
[docker: exit=0 timeout=False duration_ms=111]
$ docker exec e1797bf9ecb132df044720484136b7392d56835af63e9ad547733c45efd8de34 /bin/bash -c 'cd /app && git reset --hard HEAD && git clean -fd'
HEAD is now at 7fc964ae Don't wake CacheWarmer every 10 seconds, let it sleep :)
[docker: exit=0 timeout=False duration_ms=142]
$ docker exec e1797bf9ecb132df044720484136b7392d56835af63e9ad547733c45efd8de34 /bin/bash -c 'mkdir -p /tmp'
[docker: exit=0 timeout=False duration_ms=84]
$ docker cp /Users/karan/karan/projects/assignments/theta/examples/swebench-pro-navidrome/test.patch e1797bf9ecb132df044720484136b7392d56835af63e9ad547733c45efd8de34:/tmp/taskbundle-test.patch
[docker: exit=0 timeout=False duration_ms=27]
$ docker exec e1797bf9ecb132df044720484136b7392d56835af63e9ad547733c45efd8de34 /bin/bash -c 'cd /app && git apply --check /tmp/taskbundle-test.patch && git apply /tmp/taskbundle-test.patch'
[docker: exit=0 timeout=False duration_ms=99]
$ docker exec e1797bf9ecb132df044720484136b7392d56835af63e9ad547733c45efd8de34 /bin/bash -c 'cd /app && go test -tags netgo -run TestLastFM ./...'
?   	github.com/navidrome/navidrome	[no test files]
?   	github.com/navidrome/navidrome/cmd	[no test files]
?   	github.com/navidrome/navidrome/conf	[no test files]
?   	github.com/navidrome/navidrome/conf/configtest	[no test files]
?   	github.com/navidrome/navidrome/consts	[no test files]
ok  	github.com/navidrome/navidrome/core	0.073s [no tests to run]
ok  	github.com/navidrome/navidrome/core/agents	0.069s [no tests to run]
FAIL	github.com/navidrome/navidrome/core/agents/lastfm [build failed]
FAIL	github.com/navidrome/navidrome/core/agents/listenbrainz [build failed]
FAIL	github.com/navidrome/navidrome/core/agents/spotify [build failed]
ok  	github.com/navidrome/navidrome/core/artwork	0.065s [no tests to run]
ok  	github.com/navidrome/navidrome/core/auth	0.072s [no tests to run]
ok  	github.com/navidrome/navidrome/core/ffmpeg	0.059s [no tests to run]
ok  	github.com/navidrome/navidrome/core/scrobbler	0.058s [no tests to run]
ok  	github.com/navidrome/navidrome/db	0.069s [no tests to run]
?   	github.com/navidrome/navidrome/db/migration	[no test files]
ok  	github.com/navidrome/navidrome/log	0.041s [no tests to run]
ok  	github.com/navidrome/navidrome/model	0.071s [no tests to run]
ok  	github.com/navidrome/navidrome/model/criteria	0.049s [no tests to run]
?   	github.com/navidrome/navidrome/model/request	[no test files]
ok  	github.com/navidrome/navidrome/persistence	0.092s [no tests to run]
?   	github.com/navidrome/navidrome/resources	[no test files]
ok  	github.com/navidrome/navidrome/scanner	0.090s [no tests to run]
ok  	github.com/navidrome/navidrome/scanner/metadata	0.128s [no tests to run]
ok  	github.com/navidrome/navidrome/scanner/metadata/ffmpeg	0.052s [no tests to run]
ok  	github.com/navidrome/navidrome/scanner/metadata/taglib	0.130s [no tests to run]
?   	github.com/navidrome/navidrome/scheduler	[no test files]
ok  	github.com/navidrome/navidrome/server	0.129s [no tests to run]
?   	github.com/navidrome/navidrome/server/backgrounds	[no test files]
ok  	github.com/navidrome/navidrome/server/events	0.118s [no tests to run]
ok  	github.com/navidrome/navidrome/server/nativeapi	0.184s [no tests to run]
ok  	github.com/navidrome/navidrome/server/public	0.193s [no tests to run]
ok  	github.com/navidrome/navidrome/server/subsonic	0.240s [no tests to run]
?   	github.com/navidrome/navidrome/server/subsonic/filter	[no test files]
ok  	github.com/navidrome/navidrome/server/subsonic/responses	0.154s [no tests to run]
?   	github.com/navidrome/navidrome/tests	[no test files]
?   	github.com/navidrome/navidrome/ui	[no test files]
ok  	github.com/navidrome/navidrome/utils	0.240s [no tests to run]
ok  	github.com/navidrome/navidrome/utils/cache	0.223s [no tests to run]
ok  	github.com/navidrome/navidrome/utils/gravatar	0.240s [no tests to run]
ok  	github.com/navidrome/navidrome/utils/number	0.210s [no tests to run]
ok  	github.com/navidrome/navidrome/utils/pl	0.040s [no tests to run]
ok  	github.com/navidrome/navidrome/utils/singleton	0.041s [no tests to run]
ok  	github.com/navidrome/navidrome/utils/slice	0.041s [no tests to run]
FAIL
# github.com/navidrome/navidrome/scanner/metadata/taglib
taglib_wrapper.cpp: In function 'int taglib_read(const char*, long unsigned int)':
taglib_wrapper.cpp:33:55: warning: 'virtual int TagLib::AudioProperties::length() const' is deprecated [-Wdeprecated-declarations]
   33 |   go_map_put_int(id, (char *)"duration", props->length());
      |                                          ~~~~~~~~~~~~~^~
In file included from /usr/local/include/taglib/asfproperties.h:31,
                 from /usr/local/include/taglib/asffile.h:32,
                 from taglib_wrapper.cpp:6:
/usr/local/include/taglib/audioproperties.h:82:17: note: declared here
   82 |     virtual int length() const;
      |                 ^~~~~~
# github.com/navidrome/navidrome/core/agents/lastfm [github.com/navidrome/navidrome/core/agents/lastfm.test]
core/agents/lastfm/agent_test.go:51:14: undefined: newClient
core/agents/lastfm/agent_test.go:109:14: undefined: newClient
core/agents/lastfm/agent_test.go:170:14: undefined: newClient
core/agents/lastfm/agent_test.go:233:14: undefined: newClient
core/agents/lastfm/agent_test.go:358:14: undefined: newClient
core/agents/lastfm/client_test.go:21:14: undefined: client
core/agents/lastfm/client_test.go:25:12: undefined: newClient
# github.com/navidrome/navidrome/core/agents/listenbrainz [github.com/navidrome/navidrome/core/agents/listenbrainz.test]
core/agents/listenbrainz/agent_test.go:33:18: undefined: newClient
core/agents/listenbrainz/auth_router_test.go:27:9: undefined: newClient
core/agents/listenbrainz/client_test.go:18:14: undefined: client
core/agents/listenbrainz/client_test.go:21:12: undefined: newClient
# github.com/navidrome/navidrome/core/agents/spotify [github.com/navidrome/navidrome/core/agents/spotify.test]
core/agents/spotify/client_test.go:16:14: undefined: client
core/agents/spotify/client_test.go:20:12: undefined: newClient
# github.com/navidrome/navidrome/scanner/metadata/taglib [github.com/navidrome/navidrome/scanner/metadata/taglib.test]
taglib_wrapper.cpp: In function 'int taglib_read(const char*, long unsigned int)':
taglib_wrapper.cpp:33:55: warning: 'virtual int TagLib::AudioProperties::length() const' is deprecated [-Wdeprecated-declarations]
   33 |   go_map_put_int(id, (char *)"duration", props->length());
      |                                          ~~~~~~~~~~~~~^~
In file included from /usr/local/include/taglib/asfproperties.h:31,
                 from /usr/local/include/taglib/asffile.h:32,
                 from taglib_wrapper.cpp:6:
/usr/local/include/taglib/audioproperties.h:82:17: note: declared here
   82 |     virtual int length() const;
      |                 ^~~~~~
# github.com/navidrome/navidrome/scanner/metadata/taglib [github.com/navidrome/navidrome/scanner/metadata.test]
taglib_wrapper.cpp: In function 'int taglib_read(const char*, long unsigned int)':
taglib_wrapper.cpp:33:55: warning: 'virtual int TagLib::AudioProperties::length() const' is deprecated [-Wdeprecated-declarations]
   33 |   go_map_put_int(id, (char *)"duration", props->length());
      |                                          ~~~~~~~~~~~~~^~
In file included from /usr/local/include/taglib/asfproperties.h:31,
                 from /usr/local/include/taglib/asffile.h:32,
                 from taglib_wrapper.cpp:6:
/usr/local/include/taglib/audioproperties.h:82:17: note: declared here
   82 |     virtual int length() const;
      |                 ^~~~~~
[docker: exit=1 timeout=False duration_ms=47295]
$ docker exec e1797bf9ecb132df044720484136b7392d56835af63e9ad547733c45efd8de34 /bin/bash -c 'cd /app && go test -tags netgo -run TestListenBrainz ./...'
?   	github.com/navidrome/navidrome	[no test files]
?   	github.com/navidrome/navidrome/cmd	[no test files]
?   	github.com/navidrome/navidrome/conf	[no test files]
?   	github.com/navidrome/navidrome/conf/configtest	[no test files]
?   	github.com/navidrome/navidrome/consts	[no test files]
ok  	github.com/navidrome/navidrome/core	0.152s [no tests to run]
ok  	github.com/navidrome/navidrome/core/agents	0.150s [no tests to run]
FAIL	github.com/navidrome/navidrome/core/agents/lastfm [build failed]
FAIL	github.com/navidrome/navidrome/core/agents/listenbrainz [build failed]
FAIL	github.com/navidrome/navidrome/core/agents/spotify [build failed]
ok  	github.com/navidrome/navidrome/core/artwork	0.183s [no tests to run]
ok  	github.com/navidrome/navidrome/core/auth	0.116s [no tests to run]
ok  	github.com/navidrome/navidrome/core/ffmpeg	0.106s [no tests to run]
ok  	github.com/navidrome/navidrome/core/scrobbler	0.119s [no tests to run]
ok  	github.com/navidrome/navidrome/db	0.181s [no tests to run]
?   	github.com/navidrome/navidrome/db/migration	[no test files]
ok  	github.com/navidrome/navidrome/log	0.154s [no tests to run]
ok  	github.com/navidrome/navidrome/model	0.168s [no tests to run]
ok  	github.com/navidrome/navidrome/model/criteria	0.102s [no tests to run]
?   	github.com/navidrome/navidrome/model/request	[no test files]
ok  	github.com/navidrome/navidrome/persistence	0.181s [no tests to run]
?   	github.com/navidrome/navidrome/resources	[no test files]
ok  	github.com/navidrome/navidrome/scanner	0.110s [no tests to run]
ok  	github.com/navidrome/navidrome/scanner/metadata	0.117s [no tests to run]
ok  	github.com/navidrome/navidrome/scanner/metadata/ffmpeg	0.095s [no tests to run]
ok  	github.com/navidrome/navidrome/scanner/metadata/taglib	0.132s [no tests to run]
?   	github.com/navidrome/navidrome/scheduler	[no test files]
ok  	github.com/navidrome/navidrome/server	0.142s [no tests to run]
?   	github.com/navidrome/navidrome/server/backgrounds	[no test files]
ok  	github.com/navidrome/navidrome/server/events	0.112s [no tests to run]
ok  	github.com/navidrome/navidrome/server/nativeapi	0.124s [no tests to run]
ok  	github.com/navidrome/navidrome/server/public	0.136s [no tests to run]
ok  	github.com/navidrome/navidrome/server/subsonic	0.189s [no tests to run]
?   	github.com/navidrome/navidrome/server/subsonic/filter	[no test files]
ok  	github.com/navidrome/navidrome/server/subsonic/responses	0.085s [no tests to run]
?   	github.com/navidrome/navidrome/tests	[no test files]
?   	github.com/navidrome/navidrome/ui	[no test files]
ok  	github.com/navidrome/navidrome/utils	0.106s [no tests to run]
ok  	github.com/navidrome/navidrome/utils/cache	0.106s [no tests to run]
ok  	github.com/navidrome/navidrome/utils/gravatar	0.190s [no tests to run]
ok  	github.com/navidrome/navidrome/utils/number	0.096s [no tests to run]
ok  	github.com/navidrome/navidrome/utils/pl	0.105s [no tests to run]
ok  	github.com/navidrome/navidrome/utils/singleton	0.039s [no tests to run]
ok  	github.com/navidrome/navidrome/utils/slice	0.035s [no tests to run]
FAIL
# github.com/navidrome/navidrome/scanner/metadata/taglib
taglib_wrapper.cpp: In function 'int taglib_read(const char*, long unsigned int)':
taglib_wrapper.cpp:33:55: warning: 'virtual int TagLib::AudioProperties::length() const' is deprecated [-Wdeprecated-declarations]
   33 |   go_map_put_int(id, (char *)"duration", props->length());
      |                                          ~~~~~~~~~~~~~^~
In file included from /usr/local/include/taglib/asfproperties.h:31,
                 from /usr/local/include/taglib/asffile.h:32,
                 from taglib_wrapper.cpp:6:
/usr/local/include/taglib/audioproperties.h:82:17: note: declared here
   82 |     virtual int length() const;
      |                 ^~~~~~
# github.com/navidrome/navidrome/core/agents/listenbrainz [github.com/navidrome/navidrome/core/agents/listenbrainz.test]
core/agents/listenbrainz/agent_test.go:33:18: undefined: newClient
core/agents/listenbrainz/auth_router_test.go:27:9: undefined: newClient
core/agents/listenbrainz/client_test.go:18:14: undefined: client
core/agents/listenbrainz/client_test.go:21:12: undefined: newClient
# github.com/navidrome/navidrome/core/agents/spotify [github.com/navidrome/navidrome/core/agents/spotify.test]
core/agents/spotify/client_test.go:16:14: undefined: client
core/agents/spotify/client_test.go:20:12: undefined: newClient
# github.com/navidrome/navidrome/core/agents/lastfm [github.com/navidrome/navidrome/core/agents/lastfm.test]
core/agents/lastfm/agent_test.go:51:14: undefined: newClient
core/agents/lastfm/agent_test.go:109:14: undefined: newClient
core/agents/lastfm/agent_test.go:170:14: undefined: newClient
core/agents/lastfm/agent_test.go:233:14: undefined: newClient
core/agents/lastfm/agent_test.go:358:14: undefined: newClient
core/agents/lastfm/client_test.go:21:14: undefined: client
core/agents/lastfm/client_test.go:25:12: undefined: newClient
# github.com/navidrome/navidrome/scanner/metadata/taglib [github.com/navidrome/navidrome/scanner/metadata.test]
taglib_wrapper.cpp: In function 'int taglib_read(const char*, long unsigned int)':
taglib_wrapper.cpp:33:55: warning: 'virtual int TagLib::AudioProperties::length() const' is deprecated [-Wdeprecated-declarations]
   33 |   go_map_put_int(id, (char *)"duration", props->length());
      |                                          ~~~~~~~~~~~~~^~
In file included from /usr/local/include/taglib/asfproperties.h:31,
                 from /usr/local/include/taglib/asffile.h:32,
                 from taglib_wrapper.cpp:6:
/usr/local/include/taglib/audioproperties.h:82:17: note: declared here
   82 |     virtual int length() const;
      |                 ^~~~~~
# github.com/navidrome/navidrome/scanner/metadata/taglib [github.com/navidrome/navidrome/scanner/metadata/taglib.test]
taglib_wrapper.cpp: In function 'int taglib_read(const char*, long unsigned int)':
taglib_wrapper.cpp:33:55: warning: 'virtual int TagLib::AudioProperties::length() const' is deprecated [-Wdeprecated-declarations]
   33 |   go_map_put_int(id, (char *)"duration", props->length());
      |                                          ~~~~~~~~~~~~~^~
In file included from /usr/local/include/taglib/asfproperties.h:31,
                 from /usr/local/include/taglib/asffile.h:32,
                 from taglib_wrapper.cpp:6:
/usr/local/include/taglib/audioproperties.h:82:17: note: declared here
   82 |     virtual int length() const;
      |                 ^~~~~~
[docker: exit=1 timeout=False duration_ms=9596]
$ docker exec e1797bf9ecb132df044720484136b7392d56835af63e9ad547733c45efd8de34 /bin/bash -c 'cd /app && go test -tags netgo -run TestSpotify ./...'
?   	github.com/navidrome/navidrome	[no test files]
?   	github.com/navidrome/navidrome/cmd	[no test files]
?   	github.com/navidrome/navidrome/conf	[no test files]
?   	github.com/navidrome/navidrome/conf/configtest	[no test files]
?   	github.com/navidrome/navidrome/consts	[no test files]
ok  	github.com/navidrome/navidrome/core	0.165s [no tests to run]
ok  	github.com/navidrome/navidrome/core/agents	0.168s [no tests to run]
FAIL	github.com/navidrome/navidrome/core/agents/lastfm [build failed]
FAIL	github.com/navidrome/navidrome/core/agents/listenbrainz [build failed]
FAIL	github.com/navidrome/navidrome/core/agents/spotify [build failed]
ok  	github.com/navidrome/navidrome/core/artwork	0.163s [no tests to run]
ok  	github.com/navidrome/navidrome/core/auth	0.170s [no tests to run]
ok  	github.com/navidrome/navidrome/core/ffmpeg	0.187s [no tests to run]
ok  	github.com/navidrome/navidrome/core/scrobbler	0.230s [no tests to run]
ok  	github.com/navidrome/navidrome/db	0.138s [no tests to run]
?   	github.com/navidrome/navidrome/db/migration	[no test files]
ok  	github.com/navidrome/navidrome/log	0.099s [no tests to run]
ok  	github.com/navidrome/navidrome/model	0.135s [no tests to run]
ok  	github.com/navidrome/navidrome/model/criteria	0.101s [no tests to run]
?   	github.com/navidrome/navidrome/model/request	[no test files]
ok  	github.com/navidrome/navidrome/persistence	0.204s [no tests to run]
?   	github.com/navidrome/navidrome/resources	[no test files]
ok  	github.com/navidrome/navidrome/scanner	0.128s [no tests to run]
ok  	github.com/navidrome/navidrome/scanner/metadata	0.119s [no tests to run]
ok  	github.com/navidrome/navidrome/scanner/metadata/ffmpeg	0.106s [no tests to run]
ok  	github.com/navidrome/navidrome/scanner/metadata/taglib	0.111s [no tests to run]
?   	github.com/navidrome/navidrome/scheduler	[no test files]
ok  	github.com/navidrome/navidrome/server	0.126s [no tests to run]
?   	github.com/navidrome/navidrome/server/backgrounds	[no test files]
ok  	github.com/navidrome/navidrome/server/events	0.091s [no tests to run]
ok  	github.com/navidrome/navidrome/server/nativeapi	0.140s [no tests to run]
ok  	github.com/navidrome/navidrome/server/public	0.142s [no tests to run]
ok  	github.com/navidrome/navidrome/server/subsonic	0.162s [no tests to run]
?   	github.com/navidrome/navidrome/server/subsonic/filter	[no test files]
ok  	github.com/navidrome/navidrome/server/subsonic/responses	0.131s [no tests to run]
?   	github.com/navidrome/navidrome/tests	[no test files]
?   	github.com/navidrome/navidrome/ui	[no test files]
ok  	github.com/navidrome/navidrome/utils	0.148s [no tests to run]
ok  	github.com/navidrome/navidrome/utils/cache	0.121s [no tests to run]
ok  	github.com/navidrome/navidrome/utils/gravatar	0.154s [no tests to run]
ok  	github.com/navidrome/navidrome/utils/number	0.125s [no tests to run]
ok  	github.com/navidrome/navidrome/utils/pl	0.124s [no tests to run]
ok  	github.com/navidrome/navidrome/utils/singleton	0.042s [no tests to run]
ok  	github.com/navidrome/navidrome/utils/slice	0.041s [no tests to run]
FAIL
# github.com/navidrome/navidrome/scanner/metadata/taglib
taglib_wrapper.cpp: In function 'int taglib_read(const char*, long unsigned int)':
taglib_wrapper.cpp:33:55: warning: 'virtual int TagLib::AudioProperties::length() const' is deprecated [-Wdeprecated-declarations]
   33 |   go_map_put_int(id, (char *)"duration", props->length());
      |                                          ~~~~~~~~~~~~~^~
In file included from /usr/local/include/taglib/asfproperties.h:31,
                 from /usr/local/include/taglib/asffile.h:32,
                 from taglib_wrapper.cpp:6:
/usr/local/include/taglib/audioproperties.h:82:17: note: declared here
   82 |     virtual int length() const;
      |                 ^~~~~~
# github.com/navidrome/navidrome/core/agents/spotify [github.com/navidrome/navidrome/core/agents/spotify.test]
core/agents/spotify/client_test.go:16:14: undefined: client
core/agents/spotify/client_test.go:20:12: undefined: newClient
# github.com/navidrome/navidrome/core/agents/listenbrainz [github.com/navidrome/navidrome/core/agents/listenbrainz.test]
core/agents/listenbrainz/agent_test.go:33:18: undefined: newClient
core/agents/listenbrainz/auth_router_test.go:27:9: undefined: newClient
core/agents/listenbrainz/client_test.go:18:14: undefined: client
core/agents/listenbrainz/client_test.go:21:12: undefined: newClient
# github.com/navidrome/navidrome/core/agents/lastfm [github.com/navidrome/navidrome/core/agents/lastfm.test]
core/agents/lastfm/agent_test.go:51:14: undefined: newClient
core/agents/lastfm/agent_test.go:109:14: undefined: newClient
core/agents/lastfm/agent_test.go:170:14: undefined: newClient
core/agents/lastfm/agent_test.go:233:14: undefined: newClient
core/agents/lastfm/agent_test.go:358:14: undefined: newClient
core/agents/lastfm/client_test.go:21:14: undefined: client
core/agents/lastfm/client_test.go:25:12: undefined: newClient
# github.com/navidrome/navidrome/scanner/metadata/taglib [github.com/navidrome/navidrome/scanner/metadata.test]
taglib_wrapper.cpp: In function 'int taglib_read(const char*, long unsigned int)':
taglib_wrapper.cpp:33:55: warning: 'virtual int TagLib::AudioProperties::length() const' is deprecated [-Wdeprecated-declarations]
   33 |   go_map_put_int(id, (char *)"duration", props->length());
      |                                          ~~~~~~~~~~~~~^~
In file included from /usr/local/include/taglib/asfproperties.h:31,
                 from /usr/local/include/taglib/asffile.h:32,
                 from taglib_wrapper.cpp:6:
/usr/local/include/taglib/audioproperties.h:82:17: note: declared here
   82 |     virtual int length() const;
      |                 ^~~~~~
# github.com/navidrome/navidrome/scanner/metadata/taglib [github.com/navidrome/navidrome/scanner/metadata/taglib.test]
taglib_wrapper.cpp: In function 'int taglib_read(const char*, long unsigned int)':
taglib_wrapper.cpp:33:55: warning: 'virtual int TagLib::AudioProperties::length() const' is deprecated [-Wdeprecated-declarations]
   33 |   go_map_put_int(id, (char *)"duration", props->length());
      |                                          ~~~~~~~~~~~~~^~
In file included from /usr/local/include/taglib/asfproperties.h:31,
                 from /usr/local/include/taglib/asffile.h:32,
                 from taglib_wrapper.cpp:6:
/usr/local/include/taglib/audioproperties.h:82:17: note: declared here
   82 |     virtual int length() const;
      |                 ^~~~~~
[docker: exit=1 timeout=False duration_ms=9258]
$ docker rm -f e1797bf9ecb132df044720484136b7392d56835af63e9ad547733c45efd8de34
e1797bf9ecb132df044720484136b7392d56835af63e9ad547733c45efd8de34
[docker: exit=0 timeout=False duration_ms=176]
