$ docker info --format '{{.ServerVersion}}'
29.5.2
[docker: exit=0 timeout=False duration_ms=168]
$ docker create [redacted]
17c441fa2de3d65d3e1511570343950fa764524c82886a6deddcda2936ade056
[docker: exit=0 timeout=False duration_ms=42]
$ docker start 17c441fa2de3d65d3e1511570343950fa764524c82886a6deddcda2936ade056
17c441fa2de3d65d3e1511570343950fa764524c82886a6deddcda2936ade056
[docker: exit=0 timeout=False duration_ms=66]
$ docker exec 17c441fa2de3d65d3e1511570343950fa764524c82886a6deddcda2936ade056 /bin/sh -c 'cd /workspace && git reset --hard HEAD && git clean -fd'
HEAD is now at 29ed89d Baseline with division bug
[docker: exit=0 timeout=False duration_ms=51]
$ docker exec 17c441fa2de3d65d3e1511570343950fa764524c82886a6deddcda2936ade056 /bin/sh -c 'mkdir -p /task'
[docker: exit=0 timeout=False duration_ms=58]
$ docker cp /Users/karan/karan/projects/assignments/theta/.taskbundle/runs/run_20260819T192005_6bbe8ac5f1/solver-description.md 17c441fa2de3d65d3e1511570343950fa764524c82886a6deddcda2936ade056:/task/description.md
[docker: exit=0 timeout=False duration_ms=21]
$ docker exec 17c441fa2de3d65d3e1511570343950fa764524c82886a6deddcda2936ade056 /bin/sh -c 'mkdir -p /solver'
[docker: exit=0 timeout=False duration_ms=44]
$ docker cp /Users/karan/karan/projects/assignments/theta/examples/tiny/example_solver.py 17c441fa2de3d65d3e1511570343950fa764524c82886a6deddcda2936ade056:/solver/example_solver.py
[docker: exit=0 timeout=False duration_ms=18]
$ docker exec 17c441fa2de3d65d3e1511570343950fa764524c82886a6deddcda2936ade056 /bin/sh -c 'cd /workspace && python /solver/example_solver.py'
[docker: exit=0 timeout=False duration_ms=118]
$ docker exec 17c441fa2de3d65d3e1511570343950fa764524c82886a6deddcda2936ade056 /bin/sh -c 'cd /workspace && git add -A && git diff --cached --binary --full-index HEAD > /tmp/candidate.patch'
[docker: exit=0 timeout=False duration_ms=59]
$ docker cp 17c441fa2de3d65d3e1511570343950fa764524c82886a6deddcda2936ade056:/tmp/candidate.patch /Users/karan/karan/projects/assignments/theta/.taskbundle/runs/run_20260819T192005_6bbe8ac5f1/candidate.patch
[docker: exit=0 timeout=False duration_ms=19]
$ docker rm -f 17c441fa2de3d65d3e1511570343950fa764524c82886a6deddcda2936ade056
17c441fa2de3d65d3e1511570343950fa764524c82886a6deddcda2936ade056
[docker: exit=0 timeout=False duration_ms=39]
$ docker create [redacted]
f72542b41ff398d20a904d906269b256311c80d259a78bf5e8777d8892434416
[docker: exit=0 timeout=False duration_ms=27]
$ docker start f72542b41ff398d20a904d906269b256311c80d259a78bf5e8777d8892434416
f72542b41ff398d20a904d906269b256311c80d259a78bf5e8777d8892434416
[docker: exit=0 timeout=False duration_ms=55]
$ docker exec f72542b41ff398d20a904d906269b256311c80d259a78bf5e8777d8892434416 /bin/sh -c 'cd /workspace && git reset --hard HEAD && git clean -fd'
HEAD is now at 29ed89d Baseline with division bug
[docker: exit=0 timeout=False duration_ms=51]
$ docker exec f72542b41ff398d20a904d906269b256311c80d259a78bf5e8777d8892434416 /bin/sh -c 'mkdir -p /tmp'
[docker: exit=0 timeout=False duration_ms=44]
$ docker cp /Users/karan/karan/projects/assignments/theta/.taskbundle/runs/run_20260819T192005_6bbe8ac5f1/candidate.patch f72542b41ff398d20a904d906269b256311c80d259a78bf5e8777d8892434416:/tmp/taskbundle-candidate.patch
[docker: exit=0 timeout=False duration_ms=19]
$ docker exec f72542b41ff398d20a904d906269b256311c80d259a78bf5e8777d8892434416 /bin/sh -c 'cd /workspace && git apply --check /tmp/taskbundle-candidate.patch && git apply /tmp/taskbundle-candidate.patch'
[docker: exit=0 timeout=False duration_ms=51]
$ docker exec f72542b41ff398d20a904d906269b256311c80d259a78bf5e8777d8892434416 /bin/sh -c 'mkdir -p /tmp'
[docker: exit=0 timeout=False duration_ms=53]
$ docker cp /Users/karan/karan/projects/assignments/theta/examples/tiny/test.patch f72542b41ff398d20a904d906269b256311c80d259a78bf5e8777d8892434416:/tmp/taskbundle-test.patch
[docker: exit=0 timeout=False duration_ms=18]
$ docker exec f72542b41ff398d20a904d906269b256311c80d259a78bf5e8777d8892434416 /bin/sh -c 'cd /workspace && git apply --check /tmp/taskbundle-test.patch && git apply /tmp/taskbundle-test.patch'
[docker: exit=0 timeout=False duration_ms=48]
$ docker exec f72542b41ff398d20a904d906269b256311c80d259a78bf5e8777d8892434416 /bin/sh -c 'cd /workspace && python -m unittest tests.test_existing.DivideTests.test_regular_division'
.
----------------------------------------------------------------------
Ran 1 test in 0.000s

OK
[docker: exit=0 timeout=False duration_ms=174]
$ docker exec f72542b41ff398d20a904d906269b256311c80d259a78bf5e8777d8892434416 /bin/sh -c 'cd /workspace && python -m unittest tests.test_zero.DivideZeroTests.test_zero_raises'
.
----------------------------------------------------------------------
Ran 1 test in 0.000s

OK
[docker: exit=0 timeout=False duration_ms=74]
$ docker rm -f f72542b41ff398d20a904d906269b256311c80d259a78bf5e8777d8892434416
f72542b41ff398d20a904d906269b256311c80d259a78bf5e8777d8892434416
[docker: exit=0 timeout=False duration_ms=47]
