$ docker info --format '{{.ServerVersion}}'
29.5.2
[docker: exit=0 timeout=False duration_ms=106]
$ docker create [redacted]
d2db0d3a46a399a86be01591157a583f21df1d4b4f5c7ec5f604400ac5b5848c
[docker: exit=0 timeout=False duration_ms=40]
$ docker start d2db0d3a46a399a86be01591157a583f21df1d4b4f5c7ec5f604400ac5b5848c
d2db0d3a46a399a86be01591157a583f21df1d4b4f5c7ec5f604400ac5b5848c
[docker: exit=0 timeout=False duration_ms=71]
$ docker exec d2db0d3a46a399a86be01591157a583f21df1d4b4f5c7ec5f604400ac5b5848c /bin/sh -c 'cd /workspace && git reset --hard HEAD && git clean -fd'
HEAD is now at 29ed89d Baseline with division bug
[docker: exit=0 timeout=False duration_ms=46]
$ docker exec d2db0d3a46a399a86be01591157a583f21df1d4b4f5c7ec5f604400ac5b5848c /bin/sh -c 'mkdir -p /tmp'
[docker: exit=0 timeout=False duration_ms=49]
$ docker cp /Users/karan/karan/projects/assignments/theta/.taskbundle/runs/run_20260819T191948_0bc1041863/candidate.patch d2db0d3a46a399a86be01591157a583f21df1d4b4f5c7ec5f604400ac5b5848c:/tmp/taskbundle-candidate.patch
[docker: exit=0 timeout=False duration_ms=19]
$ docker exec d2db0d3a46a399a86be01591157a583f21df1d4b4f5c7ec5f604400ac5b5848c /bin/sh -c 'cd /workspace && git apply --check /tmp/taskbundle-candidate.patch && git apply /tmp/taskbundle-candidate.patch'
[docker: exit=0 timeout=False duration_ms=54]
$ docker exec d2db0d3a46a399a86be01591157a583f21df1d4b4f5c7ec5f604400ac5b5848c /bin/sh -c 'mkdir -p /tmp'
[docker: exit=0 timeout=False duration_ms=44]
$ docker cp /Users/karan/karan/projects/assignments/theta/examples/tiny/test.patch d2db0d3a46a399a86be01591157a583f21df1d4b4f5c7ec5f604400ac5b5848c:/tmp/taskbundle-test.patch
[docker: exit=0 timeout=False duration_ms=18]
$ docker exec d2db0d3a46a399a86be01591157a583f21df1d4b4f5c7ec5f604400ac5b5848c /bin/sh -c 'cd /workspace && git apply --check /tmp/taskbundle-test.patch && git apply /tmp/taskbundle-test.patch'
[docker: exit=0 timeout=False duration_ms=49]
$ docker exec d2db0d3a46a399a86be01591157a583f21df1d4b4f5c7ec5f604400ac5b5848c /bin/sh -c 'cd /workspace && python -m unittest tests.test_existing.DivideTests.test_regular_division'
.
----------------------------------------------------------------------
Ran 1 test in 0.000s

OK
[docker: exit=0 timeout=False duration_ms=188]
$ docker exec d2db0d3a46a399a86be01591157a583f21df1d4b4f5c7ec5f604400ac5b5848c /bin/sh -c 'cd /workspace && python -m unittest tests.test_zero.DivideZeroTests.test_zero_raises'
.
----------------------------------------------------------------------
Ran 1 test in 0.000s

OK
[docker: exit=0 timeout=False duration_ms=75]
$ docker rm -f d2db0d3a46a399a86be01591157a583f21df1d4b4f5c7ec5f604400ac5b5848c
d2db0d3a46a399a86be01591157a583f21df1d4b4f5c7ec5f604400ac5b5848c
[docker: exit=0 timeout=False duration_ms=46]
