$ docker info --format '{{.ServerVersion}}'
29.5.2
[docker: exit=0 timeout=False duration_ms=624]
$ docker create [redacted]
bae5afc84cc3242be49bff1c2d6515a0fdcfbc171bb973930ddd701610b54410
WARNING: The requested image's platform (linux/amd64) does not match the detected host platform (linux/arm64/v8) and no specific platform was requested
[docker: exit=0 timeout=False duration_ms=47]
$ docker start bae5afc84cc3242be49bff1c2d6515a0fdcfbc171bb973930ddd701610b54410
bae5afc84cc3242be49bff1c2d6515a0fdcfbc171bb973930ddd701610b54410
[docker: exit=0 timeout=False duration_ms=73]
$ docker exec bae5afc84cc3242be49bff1c2d6515a0fdcfbc171bb973930ddd701610b54410 /bin/bash -c 'cd /app && git reset --hard HEAD && git clean -fd'
HEAD is now at 7fc964ae Don't wake CacheWarmer every 10 seconds, let it sleep :)
[docker: exit=0 timeout=False duration_ms=134]
$ docker exec bae5afc84cc3242be49bff1c2d6515a0fdcfbc171bb973930ddd701610b54410 /bin/bash -c 'mkdir -p /tmp'
[docker: exit=0 timeout=False duration_ms=77]
$ docker cp /Users/karan/karan/projects/assignments/theta/.taskbundle/runs/run_20260819T192923_ac768effd9/candidate.patch bae5afc84cc3242be49bff1c2d6515a0fdcfbc171bb973930ddd701610b54410:/tmp/taskbundle-candidate.patch
[docker: exit=0 timeout=False duration_ms=24]
$ docker exec bae5afc84cc3242be49bff1c2d6515a0fdcfbc171bb973930ddd701610b54410 /bin/bash -c 'cd /app && git apply --check /tmp/taskbundle-candidate.patch && git apply /tmp/taskbundle-candidate.patch'
[docker: exit=0 timeout=False duration_ms=105]
$ docker exec bae5afc84cc3242be49bff1c2d6515a0fdcfbc171bb973930ddd701610b54410 /bin/bash -c 'mkdir -p /tmp'
[docker: exit=0 timeout=False duration_ms=78]
$ docker cp /Users/karan/karan/projects/assignments/theta/examples/swebench-pro-navidrome/test.patch bae5afc84cc3242be49bff1c2d6515a0fdcfbc171bb973930ddd701610b54410:/tmp/taskbundle-test.patch
[docker: exit=0 timeout=False duration_ms=24]
$ docker exec bae5afc84cc3242be49bff1c2d6515a0fdcfbc171bb973930ddd701610b54410 /bin/bash -c 'cd /app && git apply --check /tmp/taskbundle-test.patch && git apply /tmp/taskbundle-test.patch'
[docker: exit=0 timeout=False duration_ms=107]
$ docker exec bae5afc84cc3242be49bff1c2d6515a0fdcfbc171bb973930ddd701610b54410 /bin/bash -c 'cd /app && go test -tags netgo -run TestLastFM ./...'
?   	github.com/navidrome/navidrome	[no test files]
?   	github.com/navidrome/navidrome/cmd	[no test files]
?   	github.com/navidrome/navidrome/conf	[no test files]
?   	github.com/navidrome/navidrome/conf/configtest	[no test files]
?   	github.com/navidrome/navidrome/consts	[no test files]
ok  	github.com/navidrome/navidrome/core	0.075s [no tests to run]
ok  	github.com/navidrome/navidrome/core/agents	0.062s [no tests to run]
ok  	github.com/navidrome/navidrome/core/agents/lastfm	0.097s
ok  	github.com/navidrome/navidrome/core/agents/listenbrainz	0.066s [no tests to run]
ok  	github.com/navidrome/navidrome/core/agents/spotify	0.065s [no tests to run]
ok  	github.com/navidrome/navidrome/core/artwork	0.077s [no tests to run]
ok  	github.com/navidrome/navidrome/core/auth	0.070s [no tests to run]
ok  	github.com/navidrome/navidrome/core/ffmpeg	0.059s [no tests to run]
ok  	github.com/navidrome/navidrome/core/scrobbler	0.072s [no tests to run]
ok  	github.com/navidrome/navidrome/db	0.071s [no tests to run]
?   	github.com/navidrome/navidrome/db/migration	[no test files]
ok  	github.com/navidrome/navidrome/log	0.052s [no tests to run]
ok  	github.com/navidrome/navidrome/model	0.076s [no tests to run]
ok  	github.com/navidrome/navidrome/model/criteria	0.062s [no tests to run]
?   	github.com/navidrome/navidrome/model/request	[no test files]
ok  	github.com/navidrome/navidrome/persistence	0.101s [no tests to run]
?   	github.com/navidrome/navidrome/resources	[no test files]
ok  	github.com/navidrome/navidrome/scanner	0.095s [no tests to run]
ok  	github.com/navidrome/navidrome/scanner/metadata	0.138s [no tests to run]
ok  	github.com/navidrome/navidrome/scanner/metadata/ffmpeg	0.116s [no tests to run]
ok  	github.com/navidrome/navidrome/scanner/metadata/taglib	0.135s [no tests to run]
?   	github.com/navidrome/navidrome/scheduler	[no test files]
ok  	github.com/navidrome/navidrome/server	0.124s [no tests to run]
?   	github.com/navidrome/navidrome/server/backgrounds	[no test files]
ok  	github.com/navidrome/navidrome/server/events	0.153s [no tests to run]
ok  	github.com/navidrome/navidrome/server/nativeapi	0.174s [no tests to run]
ok  	github.com/navidrome/navidrome/server/public	0.189s [no tests to run]
ok  	github.com/navidrome/navidrome/server/subsonic	0.140s [no tests to run]
?   	github.com/navidrome/navidrome/server/subsonic/filter	[no test files]
ok  	github.com/navidrome/navidrome/server/subsonic/responses	0.101s [no tests to run]
?   	github.com/navidrome/navidrome/tests	[no test files]
?   	github.com/navidrome/navidrome/ui	[no test files]
ok  	github.com/navidrome/navidrome/utils	0.132s [no tests to run]
ok  	github.com/navidrome/navidrome/utils/cache	0.136s [no tests to run]
ok  	github.com/navidrome/navidrome/utils/gravatar	0.189s [no tests to run]
ok  	github.com/navidrome/navidrome/utils/number	0.118s [no tests to run]
ok  	github.com/navidrome/navidrome/utils/pl	0.096s [no tests to run]
ok  	github.com/navidrome/navidrome/utils/singleton	0.044s [no tests to run]
ok  	github.com/navidrome/navidrome/utils/slice	0.045s [no tests to run]
# github.com/navidrome/navidrome/scanner/metadata/taglib
taglib_wrapper.cpp: In function 'int taglib_read(const char*, long unsigned int)':
taglib_wrapper.cpp:33:55: warning: 'virtual int TagLib::AudioProperties::length() const' is deprecated [-Wdeprecated-declarations]
   33 |   go_map_put_int(id, (char *)"duration", props->length());
      |                                          ~~~~~~~~~~~~~^~
In file included from /usr/local/include/taglib/asfproperties.h:31,
                 from /usr/local/include/taglib/asffile.h:32,
                 from taglib_wrapper.cpp:6:
/usr/local/include/taglib/audioproperties.h:82:17: note: declared here
   82 |     virtual int length() const;
      |                 ^~~~~~
# github.com/navidrome/navidrome/scanner/metadata/taglib [github.com/navidrome/navidrome/scanner/metadata/taglib.test]
taglib_wrapper.cpp: In function 'int taglib_read(const char*, long unsigned int)':
taglib_wrapper.cpp:33:55: warning: 'virtual int TagLib::AudioProperties::length() const' is deprecated [-Wdeprecated-declarations]
   33 |   go_map_put_int(id, (char *)"duration", props->length());
      |                                          ~~~~~~~~~~~~~^~
In file included from /usr/local/include/taglib/asfproperties.h:31,
                 from /usr/local/include/taglib/asffile.h:32,
                 from taglib_wrapper.cpp:6:
/usr/local/include/taglib/audioproperties.h:82:17: note: declared here
   82 |     virtual int length() const;
      |                 ^~~~~~
# github.com/navidrome/navidrome/scanner/metadata/taglib [github.com/navidrome/navidrome/scanner/metadata.test]
taglib_wrapper.cpp: In function 'int taglib_read(const char*, long unsigned int)':
taglib_wrapper.cpp:33:55: warning: 'virtual int TagLib::AudioProperties::length() const' is deprecated [-Wdeprecated-declarations]
   33 |   go_map_put_int(id, (char *)"duration", props->length());
      |                                          ~~~~~~~~~~~~~^~
In file included from /usr/local/include/taglib/asfproperties.h:31,
                 from /usr/local/include/taglib/asffile.h:32,
                 from taglib_wrapper.cpp:6:
/usr/local/include/taglib/audioproperties.h:82:17: note: declared here
   82 |     virtual int length() const;
      |                 ^~~~~~
[docker: exit=0 timeout=False duration_ms=51472]
$ docker exec bae5afc84cc3242be49bff1c2d6515a0fdcfbc171bb973930ddd701610b54410 /bin/bash -c 'cd /app && go test -tags netgo -run TestListenBrainz ./...'
?   	github.com/navidrome/navidrome	[no test files]
?   	github.com/navidrome/navidrome/cmd	[no test files]
?   	github.com/navidrome/navidrome/conf	[no test files]
?   	github.com/navidrome/navidrome/conf/configtest	[no test files]
?   	github.com/navidrome/navidrome/consts	[no test files]
ok  	github.com/navidrome/navidrome/core	0.181s [no tests to run]
ok  	github.com/navidrome/navidrome/core/agents	0.174s [no tests to run]
ok  	github.com/navidrome/navidrome/core/agents/lastfm	0.134s [no tests to run]
ok  	github.com/navidrome/navidrome/core/agents/listenbrainz	0.225s
ok  	github.com/navidrome/navidrome/core/agents/spotify	0.140s [no tests to run]
ok  	github.com/navidrome/navidrome/core/artwork	0.195s [no tests to run]
ok  	github.com/navidrome/navidrome/core/auth	0.186s [no tests to run]
ok  	github.com/navidrome/navidrome/core/ffmpeg	0.190s [no tests to run]
ok  	github.com/navidrome/navidrome/core/scrobbler	0.204s [no tests to run]
ok  	github.com/navidrome/navidrome/db	0.188s [no tests to run]
?   	github.com/navidrome/navidrome/db/migration	[no test files]
ok  	github.com/navidrome/navidrome/log	0.150s [no tests to run]
ok  	github.com/navidrome/navidrome/model	0.173s [no tests to run]
ok  	github.com/navidrome/navidrome/model/criteria	0.102s [no tests to run]
?   	github.com/navidrome/navidrome/model/request	[no test files]
ok  	github.com/navidrome/navidrome/persistence	0.185s [no tests to run]
?   	github.com/navidrome/navidrome/resources	[no test files]
ok  	github.com/navidrome/navidrome/scanner	0.135s [no tests to run]
ok  	github.com/navidrome/navidrome/scanner/metadata	0.141s [no tests to run]
ok  	github.com/navidrome/navidrome/scanner/metadata/ffmpeg	0.110s [no tests to run]
ok  	github.com/navidrome/navidrome/scanner/metadata/taglib	0.149s [no tests to run]
?   	github.com/navidrome/navidrome/scheduler	[no test files]
ok  	github.com/navidrome/navidrome/server	0.145s [no tests to run]
?   	github.com/navidrome/navidrome/server/backgrounds	[no test files]
ok  	github.com/navidrome/navidrome/server/events	0.144s [no tests to run]
ok  	github.com/navidrome/navidrome/server/nativeapi	0.163s [no tests to run]
ok  	github.com/navidrome/navidrome/server/public	0.167s [no tests to run]
ok  	github.com/navidrome/navidrome/server/subsonic	0.100s [no tests to run]
?   	github.com/navidrome/navidrome/server/subsonic/filter	[no test files]
ok  	github.com/navidrome/navidrome/server/subsonic/responses	0.068s [no tests to run]
?   	github.com/navidrome/navidrome/tests	[no test files]
?   	github.com/navidrome/navidrome/ui	[no test files]
ok  	github.com/navidrome/navidrome/utils	0.159s [no tests to run]
ok  	github.com/navidrome/navidrome/utils/cache	0.091s [no tests to run]
ok  	github.com/navidrome/navidrome/utils/gravatar	0.074s [no tests to run]
ok  	github.com/navidrome/navidrome/utils/number	0.076s [no tests to run]
ok  	github.com/navidrome/navidrome/utils/pl	0.083s [no tests to run]
ok  	github.com/navidrome/navidrome/utils/singleton	0.040s [no tests to run]
ok  	github.com/navidrome/navidrome/utils/slice	0.041s [no tests to run]
# github.com/navidrome/navidrome/scanner/metadata/taglib
taglib_wrapper.cpp: In function 'int taglib_read(const char*, long unsigned int)':
taglib_wrapper.cpp:33:55: warning: 'virtual int TagLib::AudioProperties::length() const' is deprecated [-Wdeprecated-declarations]
   33 |   go_map_put_int(id, (char *)"duration", props->length());
      |                                          ~~~~~~~~~~~~~^~
In file included from /usr/local/include/taglib/asfproperties.h:31,
                 from /usr/local/include/taglib/asffile.h:32,
                 from taglib_wrapper.cpp:6:
/usr/local/include/taglib/audioproperties.h:82:17: note: declared here
   82 |     virtual int length() const;
      |                 ^~~~~~
# github.com/navidrome/navidrome/scanner/metadata/taglib [github.com/navidrome/navidrome/scanner/metadata.test]
taglib_wrapper.cpp: In function 'int taglib_read(const char*, long unsigned int)':
taglib_wrapper.cpp:33:55: warning: 'virtual int TagLib::AudioProperties::length() const' is deprecated [-Wdeprecated-declarations]
   33 |   go_map_put_int(id, (char *)"duration", props->length());
      |                                          ~~~~~~~~~~~~~^~
In file included from /usr/local/include/taglib/asfproperties.h:31,
                 from /usr/local/include/taglib/asffile.h:32,
                 from taglib_wrapper.cpp:6:
/usr/local/include/taglib/audioproperties.h:82:17: note: declared here
   82 |     virtual int length() const;
      |                 ^~~~~~
# github.com/navidrome/navidrome/scanner/metadata/taglib [github.com/navidrome/navidrome/scanner/metadata/taglib.test]
taglib_wrapper.cpp: In function 'int taglib_read(const char*, long unsigned int)':
taglib_wrapper.cpp:33:55: warning: 'virtual int TagLib::AudioProperties::length() const' is deprecated [-Wdeprecated-declarations]
   33 |   go_map_put_int(id, (char *)"duration", props->length());
      |                                          ~~~~~~~~~~~~~^~
In file included from /usr/local/include/taglib/asfproperties.h:31,
                 from /usr/local/include/taglib/asffile.h:32,
                 from taglib_wrapper.cpp:6:
/usr/local/include/taglib/audioproperties.h:82:17: note: declared here
   82 |     virtual int length() const;
      |                 ^~~~~~
[docker: exit=0 timeout=False duration_ms=10594]
$ docker exec bae5afc84cc3242be49bff1c2d6515a0fdcfbc171bb973930ddd701610b54410 /bin/bash -c 'cd /app && go test -tags netgo -run TestSpotify ./...'
?   	github.com/navidrome/navidrome	[no test files]
?   	github.com/navidrome/navidrome/cmd	[no test files]
?   	github.com/navidrome/navidrome/conf	[no test files]
?   	github.com/navidrome/navidrome/conf/configtest	[no test files]
?   	github.com/navidrome/navidrome/consts	[no test files]
ok  	github.com/navidrome/navidrome/core	0.201s [no tests to run]
ok  	github.com/navidrome/navidrome/core/agents	0.198s [no tests to run]
ok  	github.com/navidrome/navidrome/core/agents/lastfm	0.181s [no tests to run]
ok  	github.com/navidrome/navidrome/core/agents/listenbrainz	0.190s [no tests to run]
ok  	github.com/navidrome/navidrome/core/agents/spotify	0.208s
ok  	github.com/navidrome/navidrome/core/artwork	0.222s [no tests to run]
ok  	github.com/navidrome/navidrome/core/auth	0.211s [no tests to run]
ok  	github.com/navidrome/navidrome/core/ffmpeg	0.278s [no tests to run]
ok  	github.com/navidrome/navidrome/core/scrobbler	0.188s [no tests to run]
ok  	github.com/navidrome/navidrome/db	0.196s [no tests to run]
?   	github.com/navidrome/navidrome/db/migration	[no test files]
ok  	github.com/navidrome/navidrome/log	0.114s [no tests to run]
ok  	github.com/navidrome/navidrome/model	0.166s [no tests to run]
ok  	github.com/navidrome/navidrome/model/criteria	0.121s [no tests to run]
?   	github.com/navidrome/navidrome/model/request	[no test files]
ok  	github.com/navidrome/navidrome/persistence	0.192s [no tests to run]
?   	github.com/navidrome/navidrome/resources	[no test files]
ok  	github.com/navidrome/navidrome/scanner	0.138s [no tests to run]
ok  	github.com/navidrome/navidrome/scanner/metadata	0.141s [no tests to run]
ok  	github.com/navidrome/navidrome/scanner/metadata/ffmpeg	0.125s [no tests to run]
ok  	github.com/navidrome/navidrome/scanner/metadata/taglib	0.160s [no tests to run]
?   	github.com/navidrome/navidrome/scheduler	[no test files]
ok  	github.com/navidrome/navidrome/server	0.170s [no tests to run]
?   	github.com/navidrome/navidrome/server/backgrounds	[no test files]
ok  	github.com/navidrome/navidrome/server/events	0.149s [no tests to run]
ok  	github.com/navidrome/navidrome/server/nativeapi	0.165s [no tests to run]
ok  	github.com/navidrome/navidrome/server/public	0.156s [no tests to run]
ok  	github.com/navidrome/navidrome/server/subsonic	0.158s [no tests to run]
?   	github.com/navidrome/navidrome/server/subsonic/filter	[no test files]
ok  	github.com/navidrome/navidrome/server/subsonic/responses	0.057s [no tests to run]
?   	github.com/navidrome/navidrome/tests	[no test files]
?   	github.com/navidrome/navidrome/ui	[no test files]
ok  	github.com/navidrome/navidrome/utils	0.149s [no tests to run]
ok  	github.com/navidrome/navidrome/utils/cache	0.147s [no tests to run]
ok  	github.com/navidrome/navidrome/utils/gravatar	0.151s [no tests to run]
ok  	github.com/navidrome/navidrome/utils/number	0.130s [no tests to run]
ok  	github.com/navidrome/navidrome/utils/pl	0.128s [no tests to run]
ok  	github.com/navidrome/navidrome/utils/singleton	0.042s [no tests to run]
ok  	github.com/navidrome/navidrome/utils/slice	0.040s [no tests to run]
# github.com/navidrome/navidrome/scanner/metadata/taglib
taglib_wrapper.cpp: In function 'int taglib_read(const char*, long unsigned int)':
taglib_wrapper.cpp:33:55: warning: 'virtual int TagLib::AudioProperties::length() const' is deprecated [-Wdeprecated-declarations]
   33 |   go_map_put_int(id, (char *)"duration", props->length());
      |                                          ~~~~~~~~~~~~~^~
In file included from /usr/local/include/taglib/asfproperties.h:31,
                 from /usr/local/include/taglib/asffile.h:32,
                 from taglib_wrapper.cpp:6:
/usr/local/include/taglib/audioproperties.h:82:17: note: declared here
   82 |     virtual int length() const;
      |                 ^~~~~~
# github.com/navidrome/navidrome/scanner/metadata/taglib [github.com/navidrome/navidrome/scanner/metadata.test]
taglib_wrapper.cpp: In function 'int taglib_read(const char*, long unsigned int)':
taglib_wrapper.cpp:33:55: warning: 'virtual int TagLib::AudioProperties::length() const' is deprecated [-Wdeprecated-declarations]
   33 |   go_map_put_int(id, (char *)"duration", props->length());
      |                                          ~~~~~~~~~~~~~^~
In file included from /usr/local/include/taglib/asfproperties.h:31,
                 from /usr/local/include/taglib/asffile.h:32,
                 from taglib_wrapper.cpp:6:
/usr/local/include/taglib/audioproperties.h:82:17: note: declared here
   82 |     virtual int length() const;
      |                 ^~~~~~
# github.com/navidrome/navidrome/scanner/metadata/taglib [github.com/navidrome/navidrome/scanner/metadata/taglib.test]
taglib_wrapper.cpp: In function 'int taglib_read(const char*, long unsigned int)':
taglib_wrapper.cpp:33:55: warning: 'virtual int TagLib::AudioProperties::length() const' is deprecated [-Wdeprecated-declarations]
   33 |   go_map_put_int(id, (char *)"duration", props->length());
      |                                          ~~~~~~~~~~~~~^~
In file included from /usr/local/include/taglib/asfproperties.h:31,
                 from /usr/local/include/taglib/asffile.h:32,
                 from taglib_wrapper.cpp:6:
/usr/local/include/taglib/audioproperties.h:82:17: note: declared here
   82 |     virtual int length() const;
      |                 ^~~~~~
[docker: exit=0 timeout=False duration_ms=10653]
$ docker rm -f bae5afc84cc3242be49bff1c2d6515a0fdcfbc171bb973930ddd701610b54410
bae5afc84cc3242be49bff1c2d6515a0fdcfbc171bb973930ddd701610b54410
[docker: exit=0 timeout=False duration_ms=155]
