$ docker info --format '{{.ServerVersion}}'
29.5.2
[docker: exit=0 timeout=False duration_ms=762]
$ docker create [redacted]
326945de40d09c65d8f2ee32cc99933a9ebc311ca6cfdf7c919ed8d896d5df87
[docker: exit=0 timeout=False duration_ms=46]
$ docker start 326945de40d09c65d8f2ee32cc99933a9ebc311ca6cfdf7c919ed8d896d5df87
326945de40d09c65d8f2ee32cc99933a9ebc311ca6cfdf7c919ed8d896d5df87
[docker: exit=0 timeout=False duration_ms=121]
$ docker exec 326945de40d09c65d8f2ee32cc99933a9ebc311ca6cfdf7c919ed8d896d5df87 /bin/sh -c 'cd /workspace && git reset --hard HEAD && git clean -fd'
HEAD is now at 29ed89d Baseline with division bug
[docker: exit=0 timeout=False duration_ms=61]
$ docker exec 326945de40d09c65d8f2ee32cc99933a9ebc311ca6cfdf7c919ed8d896d5df87 /bin/sh -c 'mkdir -p /task'
[docker: exit=0 timeout=False duration_ms=47]
$ docker cp /Users/karan/karan/projects/assignments/theta/.taskbundle/runs/run_20260819T194543_4e31fe388c/solver-description.md 326945de40d09c65d8f2ee32cc99933a9ebc311ca6cfdf7c919ed8d896d5df87:/task/description.md
[docker: exit=0 timeout=False duration_ms=20]
$ docker exec 326945de40d09c65d8f2ee32cc99933a9ebc311ca6cfdf7c919ed8d896d5df87 /bin/sh -c 'mkdir -p /solver'
[docker: exit=0 timeout=False duration_ms=57]
$ docker cp /Users/karan/karan/projects/assignments/theta/examples/tiny/example_solver.py 326945de40d09c65d8f2ee32cc99933a9ebc311ca6cfdf7c919ed8d896d5df87:/solver/example_solver.py
[docker: exit=0 timeout=False duration_ms=17]
$ docker exec 326945de40d09c65d8f2ee32cc99933a9ebc311ca6cfdf7c919ed8d896d5df87 /bin/sh -c 'cd /workspace && python /solver/example_solver.py'
[docker: exit=0 timeout=False duration_ms=117]
$ docker exec 326945de40d09c65d8f2ee32cc99933a9ebc311ca6cfdf7c919ed8d896d5df87 /bin/sh -c 'cd /workspace && git add -A && git diff --cached --binary --full-index 29ed89de01861e34f02afc9b16569c35faebd772 > /tmp/candidate.patch'
[docker: exit=0 timeout=False duration_ms=51]
$ docker cp 326945de40d09c65d8f2ee32cc99933a9ebc311ca6cfdf7c919ed8d896d5df87:/tmp/candidate.patch /Users/karan/karan/projects/assignments/theta/.taskbundle/runs/run_20260819T194543_4e31fe388c/candidate.patch
[docker: exit=0 timeout=False duration_ms=17]
$ docker rm -f 326945de40d09c65d8f2ee32cc99933a9ebc311ca6cfdf7c919ed8d896d5df87
326945de40d09c65d8f2ee32cc99933a9ebc311ca6cfdf7c919ed8d896d5df87
[docker: exit=0 timeout=False duration_ms=41]
$ docker create [redacted]
53cdc0c3050656c051e1a1f2407b3457d1d45f899ecabab6bc867a1128e94c1c
[docker: exit=0 timeout=False duration_ms=30]
$ docker start 53cdc0c3050656c051e1a1f2407b3457d1d45f899ecabab6bc867a1128e94c1c
53cdc0c3050656c051e1a1f2407b3457d1d45f899ecabab6bc867a1128e94c1c
[docker: exit=0 timeout=False duration_ms=67]
$ docker exec 53cdc0c3050656c051e1a1f2407b3457d1d45f899ecabab6bc867a1128e94c1c /bin/sh -c 'cd /workspace && git reset --hard HEAD && git clean -fd'
HEAD is now at 29ed89d Baseline with division bug
[docker: exit=0 timeout=False duration_ms=60]
$ docker exec 53cdc0c3050656c051e1a1f2407b3457d1d45f899ecabab6bc867a1128e94c1c /bin/sh -c 'mkdir -p /tmp'
[docker: exit=0 timeout=False duration_ms=64]
$ docker cp /Users/karan/karan/projects/assignments/theta/.taskbundle/runs/run_20260819T194543_4e31fe388c/candidate.patch 53cdc0c3050656c051e1a1f2407b3457d1d45f899ecabab6bc867a1128e94c1c:/tmp/taskbundle-candidate.patch
[docker: exit=0 timeout=False duration_ms=24]
$ docker exec 53cdc0c3050656c051e1a1f2407b3457d1d45f899ecabab6bc867a1128e94c1c /bin/sh -c 'cd /workspace && git apply --check /tmp/taskbundle-candidate.patch && git apply /tmp/taskbundle-candidate.patch'
[docker: exit=0 timeout=False duration_ms=45]
$ docker exec 53cdc0c3050656c051e1a1f2407b3457d1d45f899ecabab6bc867a1128e94c1c /bin/sh -c 'mkdir -p /tmp'
[docker: exit=0 timeout=False duration_ms=47]
$ docker cp /Users/karan/karan/projects/assignments/theta/examples/tiny/test.patch 53cdc0c3050656c051e1a1f2407b3457d1d45f899ecabab6bc867a1128e94c1c:/tmp/taskbundle-test.patch
[docker: exit=0 timeout=False duration_ms=19]
$ docker exec 53cdc0c3050656c051e1a1f2407b3457d1d45f899ecabab6bc867a1128e94c1c /bin/sh -c 'cd /workspace && git apply --check /tmp/taskbundle-test.patch && git apply /tmp/taskbundle-test.patch'
[docker: exit=0 timeout=False duration_ms=47]
$ docker exec 53cdc0c3050656c051e1a1f2407b3457d1d45f899ecabab6bc867a1128e94c1c /bin/sh -c 'cd /workspace && python -m unittest tests.test_existing.DivideTests.test_regular_division'
.
----------------------------------------------------------------------
Ran 1 test in 0.000s

OK
[docker: exit=0 timeout=False duration_ms=179]
$ docker exec 53cdc0c3050656c051e1a1f2407b3457d1d45f899ecabab6bc867a1128e94c1c /bin/sh -c 'cd /workspace && python -m unittest tests.test_zero.DivideZeroTests.test_zero_raises'
.
----------------------------------------------------------------------
Ran 1 test in 0.000s

OK
[docker: exit=0 timeout=False duration_ms=68]
$ docker rm -f 53cdc0c3050656c051e1a1f2407b3457d1d45f899ecabab6bc867a1128e94c1c
53cdc0c3050656c051e1a1f2407b3457d1d45f899ecabab6bc867a1128e94c1c
[docker: exit=0 timeout=False duration_ms=41]
