$ docker info --format '{{.ServerVersion}}'
29.5.2
[docker: exit=0 timeout=False duration_ms=102]
$ docker create [redacted]
87ce6ad135d135f5024640e473e082f61bdc471780e1cea7dd9fd9b7d02f43bf
[docker: exit=0 timeout=False duration_ms=41]
$ docker start 87ce6ad135d135f5024640e473e082f61bdc471780e1cea7dd9fd9b7d02f43bf
87ce6ad135d135f5024640e473e082f61bdc471780e1cea7dd9fd9b7d02f43bf
[docker: exit=0 timeout=False duration_ms=76]
$ docker exec 87ce6ad135d135f5024640e473e082f61bdc471780e1cea7dd9fd9b7d02f43bf /bin/sh -c 'cd /workspace && git reset --hard HEAD && git clean -fd'
HEAD is now at 29ed89d Baseline with division bug
[docker: exit=0 timeout=False duration_ms=53]
$ docker exec 87ce6ad135d135f5024640e473e082f61bdc471780e1cea7dd9fd9b7d02f43bf /bin/sh -c 'mkdir -p /tmp'
[docker: exit=0 timeout=False duration_ms=57]
$ docker cp /Users/karan/karan/projects/assignments/theta/examples/tiny/test.patch 87ce6ad135d135f5024640e473e082f61bdc471780e1cea7dd9fd9b7d02f43bf:/tmp/taskbundle-test.patch
[docker: exit=0 timeout=False duration_ms=19]
$ docker exec 87ce6ad135d135f5024640e473e082f61bdc471780e1cea7dd9fd9b7d02f43bf /bin/sh -c 'cd /workspace && git apply --check /tmp/taskbundle-test.patch && git apply /tmp/taskbundle-test.patch'
[docker: exit=0 timeout=False duration_ms=58]
$ docker exec 87ce6ad135d135f5024640e473e082f61bdc471780e1cea7dd9fd9b7d02f43bf /bin/sh -c 'cd /workspace && python -m unittest tests.test_existing.DivideTests.test_regular_division'
.
----------------------------------------------------------------------
Ran 1 test in 0.000s

OK
[docker: exit=0 timeout=False duration_ms=178]
$ docker exec 87ce6ad135d135f5024640e473e082f61bdc471780e1cea7dd9fd9b7d02f43bf /bin/sh -c 'cd /workspace && python -m unittest tests.test_zero.DivideZeroTests.test_zero_raises'
F
======================================================================
FAIL: test_zero_raises (tests.test_zero.DivideZeroTests.test_zero_raises)
----------------------------------------------------------------------
Traceback (most recent call last):
  File "/workspace/tests/test_zero.py", line 8, in test_zero_raises
    with self.assertRaisesRegex(ValueError, "divisor must not be zero"):
AssertionError: ValueError not raised

----------------------------------------------------------------------
Ran 1 test in 0.000s

FAILED (failures=1)
[docker: exit=1 timeout=False duration_ms=79]
$ docker rm -f 87ce6ad135d135f5024640e473e082f61bdc471780e1cea7dd9fd9b7d02f43bf
87ce6ad135d135f5024640e473e082f61bdc471780e1cea7dd9fd9b7d02f43bf
[docker: exit=0 timeout=False duration_ms=50]
